[     319ms] [ERROR] Failed to load resource: the server responded with a status of 404 (Not Found) @ http://localhost:3000/_vercel/insights/script.js:0
[     319ms] [ERROR] Refused to execute script from 'http://localhost:3000/_vercel/insights/script.js' because its MIME type ('text/plain') is not executable, and strict MIME type checking is enabled. @ http://localhost:3000/shop:0
[     319ms] [ERROR] Failed to load resource: the server responded with a status of 404 (Not Found) @ http://localhost:3000/_vercel/speed-insights/script.js:0
[     319ms] [ERROR] Refused to execute script from 'http://localhost:3000/_vercel/speed-insights/script.js' because its MIME type ('text/plain') is not executable, and strict MIME type checking is enabled. @ http://localhost:3000/shop:0
[     326ms] [LOG] [Vercel Web Analytics] Failed to load script from /_vercel/insights/script.js. Be sure to enable Web Analytics for your project and deploy again. See https://vercel.com/docs/analytics/quickstart for more information. @ http://localhost:3000/_next/static/chunks/1cvxn6dmuaf0q.js:0
[     326ms] [LOG] [Vercel Speed Insights] Failed to load script from /_vercel/speed-insights/script.js. Please check if any content blockers are enabled and try again. @ http://localhost:3000/_next/static/chunks/1cvxn6dmuaf0q.js:0
[     698ms] [ERROR] Failed to load resource: net::ERR_TUNNEL_CONNECTION_FAILED @ https://resinartsjaipur.com/wp-content/uploads/2023/12/unique-wedding-gift-idea-preserved-flower-photo-frame-1.webp:0
[     726ms] [ERROR] Failed to load resource: net::ERR_TUNNEL_CONNECTION_FAILED @ https://resinartsjaipur.com/wp-content/uploads/2023/12/3d-wedding-garland-couple-photo-frame-8-inch-1.webp:0
[     739ms] [ERROR] Failed to load resource: net::ERR_TUNNEL_CONNECTION_FAILED @ https://resinartsjaipur.com/wp-content/uploads/2023/12/shyamji-Pooja-Gift-Item-.webp:0
[     760ms] [ERROR] Failed to load resource: net::ERR_TUNNEL_CONNECTION_FAILED @ https://resinartsjaipur.com/wp-content/uploads/2023/12/Khatu-Shyam-Ji-Spiritual-Puja-Vastu-Figurine-Altar.webp:0
[     775ms] [ERROR] Failed to load resource: net::ERR_TUNNEL_CONNECTION_FAILED @ https://resinartsjaipur.com/wp-content/uploads/2023/12/custom-resin-maha-mrityunjaya-mantra-frame-yellow-circle-star.webp:0
[     800ms] [ERROR] Failed to load resource: net::ERR_TUNNEL_CONNECTION_FAILED @ https://resinartsjaipur.com/wp-content/uploads/2023/12/business-success-resin-mrityunjaya-mantra-mini-frame.webp:0
[     986ms] [ERROR] Failed to load resource: net::ERR_TUNNEL_CONNECTION_FAILED @ https://resinartsjaipur.com/wp-content/uploads/2023/12/buy-jain-home-inauguration-resin-frame-royal-blue-gold.webp:0
[    1063ms] [ERROR] Failed to load resource: net::ERR_TUNNEL_CONNECTION_FAILED @ https://resinartsjaipur.com/wp-content/uploads/2023/12/affordable-resin-navkar-mantra-frame-blue-golden-rectangular.webp:0
[   49728ms] [ERROR] Failed to load resource: the server responded with a status of 404 (Not Found) @ http://localhost:3000/_vercel/insights/script.js:0
[   49728ms] [ERROR] Refused to execute script from 'http://localhost:3000/_vercel/insights/script.js' because its MIME type ('text/plain') is not executable, and strict MIME type checking is enabled. @ http://localhost:3000/blog:0
[   49728ms] [LOG] [Vercel Web Analytics] Failed to load script from /_vercel/insights/script.js. Be sure to enable Web Analytics for your project and deploy again. See https://vercel.com/docs/analytics/quickstart for more information. @ http://localhost:3000/_next/static/chunks/1cvxn6dmuaf0q.js:0
[   49740ms] [ERROR] Failed to load resource: the server responded with a status of 404 (Not Found) @ http://localhost:3000/_vercel/speed-insights/script.js:0
[   49741ms] [ERROR] Refused to execute script from 'http://localhost:3000/_vercel/speed-insights/script.js' because its MIME type ('text/plain') is not executable, and strict MIME type checking is enabled. @ http://localhost:3000/blog:0
[   49741ms] [LOG] [Vercel Speed Insights] Failed to load script from /_vercel/speed-insights/script.js. Please check if any content blockers are enabled and try again. @ http://localhost:3000/_next/static/chunks/1cvxn6dmuaf0q.js:0
[   59960ms] [ERROR] Failed to load resource: the server responded with a status of 404 (Not Found) @ http://localhost:3000/_vercel/insights/script.js:0
[   59960ms] [ERROR] Refused to execute script from 'http://localhost:3000/_vercel/insights/script.js' because its MIME type ('text/plain') is not executable, and strict MIME type checking is enabled. @ http://localhost:3000/ar/shop:0
[   59960ms] [LOG] [Vercel Web Analytics] Failed to load script from /_vercel/insights/script.js. Be sure to enable Web Analytics for your project and deploy again. See https://vercel.com/docs/analytics/quickstart for more information. @ http://localhost:3000/_next/static/chunks/1cvxn6dmuaf0q.js:0
[   59971ms] [ERROR] Failed to load resource: the server responded with a status of 404 (Not Found) @ http://localhost:3000/_vercel/speed-insights/script.js:0
[   59971ms] [ERROR] Refused to execute script from 'http://localhost:3000/_vercel/speed-insights/script.js' because its MIME type ('text/plain') is not executable, and strict MIME type checking is enabled. @ http://localhost:3000/ar/shop:0
[   59972ms] [LOG] [Vercel Speed Insights] Failed to load script from /_vercel/speed-insights/script.js. Please check if any content blockers are enabled and try again. @ http://localhost:3000/_next/static/chunks/1cvxn6dmuaf0q.js:0
[   60034ms] [ERROR] Failed to load resource: net::ERR_TUNNEL_CONNECTION_FAILED @ https://resinartsjaipur.com/wp-content/uploads/2023/12/shyamji-Pooja-Gift-Item-.webp:0
[   60044ms] [ERROR] Failed to load resource: net::ERR_TUNNEL_CONNECTION_FAILED @ https://resinartsjaipur.com/wp-content/uploads/2023/12/Khatu-Shyam-Ji-Spiritual-Puja-Vastu-Figurine-Altar.webp:0
[   60083ms] [ERROR] Failed to load resource: net::ERR_TUNNEL_CONNECTION_FAILED @ https://resinartsjaipur.com/wp-content/uploads/2023/12/custom-resin-maha-mrityunjaya-mantra-frame-yellow-circle-star.webp:0
[   60096ms] [ERROR] Failed to load resource: net::ERR_TUNNEL_CONNECTION_FAILED @ https://resinartsjaipur.com/wp-content/uploads/2023/12/business-success-resin-mrityunjaya-mantra-mini-frame.webp:0
[   60134ms] [ERROR] Failed to load resource: net::ERR_TUNNEL_CONNECTION_FAILED @ https://resinartsjaipur.com/wp-content/uploads/2023/12/buy-jain-home-inauguration-resin-frame-royal-blue-gold.webp:0
[   60149ms] [ERROR] Failed to load resource: net::ERR_TUNNEL_CONNECTION_FAILED @ https://resinartsjaipur.com/wp-content/uploads/2023/12/affordable-resin-navkar-mantra-frame-blue-golden-rectangular.webp:0
[   60279ms] [ERROR] Failed to load resource: net::ERR_TUNNEL_CONNECTION_FAILED @ https://resinartsjaipur.com/wp-content/uploads/2023/12/unique-wedding-gift-idea-preserved-flower-photo-frame-1.webp:0
[   60325ms] [ERROR] Failed to load resource: net::ERR_TUNNEL_CONNECTION_FAILED @ https://resinartsjaipur.com/wp-content/uploads/2023/12/3d-wedding-garland-couple-photo-frame-8-inch-1.webp:0
[  163276ms] [ERROR] Failed to load resource: the server responded with a status of 404 (Not Found) @ http://localhost:3000/_vercel/insights/script.js:0
[  163276ms] [ERROR] Refused to execute script from 'http://localhost:3000/_vercel/insights/script.js' because its MIME type ('text/plain') is not executable, and strict MIME type checking is enabled. @ http://localhost:3000/ar/product/varmala-preservation-resin-clock-custom-anniversary-keepsake:0
[  163277ms] [ERROR] Failed to load resource: the server responded with a status of 404 (Not Found) @ http://localhost:3000/_vercel/speed-insights/script.js:0
[  163277ms] [ERROR] Refused to execute script from 'http://localhost:3000/_vercel/speed-insights/script.js' because its MIME type ('text/plain') is not executable, and strict MIME type checking is enabled. @ http://localhost:3000/ar/product/varmala-preservation-resin-clock-custom-anniversary-keepsake:0
[  163279ms] [LOG] [Vercel Web Analytics] Failed to load script from /_vercel/insights/script.js. Be sure to enable Web Analytics for your project and deploy again. See https://vercel.com/docs/analytics/quickstart for more information. @ http://localhost:3000/_next/static/chunks/1cvxn6dmuaf0q.js:0
[  163286ms] [LOG] [Vercel Speed Insights] Failed to load script from /_vercel/speed-insights/script.js. Please check if any content blockers are enabled and try again. @ http://localhost:3000/_next/static/chunks/1cvxn6dmuaf0q.js:0
[  163356ms] [ERROR] Failed to load resource: the server responded with a status of 403 (Forbidden) @ http://localhost:3000/_next/image?url=https%3A%2F%2Fkanhakreation.com%2Fwp-content%2Fuploads%2F2026%2F04%2FIMG_4942.jpg&w=384&q=75:0
[  163357ms] [ERROR] Failed to load resource: the server responded with a status of 403 (Forbidden) @ http://localhost:3000/_next/image?url=https%3A%2F%2Fkanhakreation.com%2Fwp-content%2Fuploads%2F2026%2F04%2FIMG_4942.jpg&w=96&q=75:0
[  163357ms] [ERROR] Failed to load resource: the server responded with a status of 403 (Forbidden) @ http://localhost:3000/_next/image?url=https%3A%2F%2Fkanhakreation.com%2Fwp-content%2Fuploads%2F2026%2F04%2FIMG_4943.jpg&w=96&q=75:0
[  164683ms] [ERROR] Failed to load resource: the server responded with a status of 403 (Forbidden) @ http://localhost:3000/_next/image?url=https%3A%2F%2Fkanhakreation.com%2Fwp-content%2Fuploads%2F2026%2F04%2FIMG_4942.jpg&w=640&q=75:0
[  165388ms] [ERROR] Failed to load resource: the server responded with a status of 403 (Forbidden) @ http://localhost:3000/_next/image?url=https%3A%2F%2Fkanhakreation.com%2Fwp-content%2Fuploads%2F2026%2F04%2FIMG_4943.jpg&w=640&q=75:0
[  232958ms] [ERROR] Failed to load resource: the server responded with a status of 404 (Not Found) @ http://localhost:3000/_vercel/insights/script.js:0
[  232959ms] [ERROR] Refused to execute script from 'http://localhost:3000/_vercel/insights/script.js' because its MIME type ('text/plain') is not executable, and strict MIME type checking is enabled. @ http://localhost:3000/ar/blog:0
[  232960ms] [ERROR] Failed to load resource: the server responded with a status of 404 (Not Found) @ http://localhost:3000/_vercel/speed-insights/script.js:0
[  232960ms] [ERROR] Refused to execute script from 'http://localhost:3000/_vercel/speed-insights/script.js' because its MIME type ('text/plain') is not executable, and strict MIME type checking is enabled. @ http://localhost:3000/ar/blog:0
[  232961ms] [LOG] [Vercel Web Analytics] Failed to load script from /_vercel/insights/script.js. Be sure to enable Web Analytics for your project and deploy again. See https://vercel.com/docs/analytics/quickstart for more information. @ http://localhost:3000/_next/static/chunks/1cvxn6dmuaf0q.js:0
[  232961ms] [LOG] [Vercel Speed Insights] Failed to load script from /_vercel/speed-insights/script.js. Please check if any content blockers are enabled and try again. @ http://localhost:3000/_next/static/chunks/1cvxn6dmuaf0q.js:0
[  234090ms] [ERROR] Failed to load resource: the server responded with a status of 404 (Not Found) @ http://localhost:3000/_vercel/insights/script.js:0
[  234090ms] [ERROR] Refused to execute script from 'http://localhost:3000/_vercel/insights/script.js' because its MIME type ('text/plain') is not executable, and strict MIME type checking is enabled. @ http://localhost:3000/ar/blog/why-resin-art-cannot-be-rushed:0
[  234090ms] [ERROR] Failed to load resource: the server responded with a status of 404 (Not Found) @ http://localhost:3000/_vercel/speed-insights/script.js:0
[  234090ms] [ERROR] Refused to execute script from 'http://localhost:3000/_vercel/speed-insights/script.js' because its MIME type ('text/plain') is not executable, and strict MIME type checking is enabled. @ http://localhost:3000/ar/blog/why-resin-art-cannot-be-rushed:0
[  234093ms] [LOG] [Vercel Web Analytics] Failed to load script from /_vercel/insights/script.js. Be sure to enable Web Analytics for your project and deploy again. See https://vercel.com/docs/analytics/quickstart for more information. @ http://localhost:3000/_next/static/chunks/1cvxn6dmuaf0q.js:0
[  234093ms] [LOG] [Vercel Speed Insights] Failed to load script from /_vercel/speed-insights/script.js. Please check if any content blockers are enabled and try again. @ http://localhost:3000/_next/static/chunks/1cvxn6dmuaf0q.js:0
