// Vitest Snapshot v1, https://vitest.dev/guide/snapshot.html

exports[`SWATCH_COLORS > keeps its known key set 1`] = `
[
  "amber",
  "aqua",
  "azure",
  "beige",
  "black",
  "blue",
  "blush",
  "bronze",
  "brown",
  "burgundy",
  "charcoal",
  "copper",
  "coral",
  "cream",
  "emerald",
  "gold",
  "gray",
  "green",
  "grey",
  "ivory",
  "lavender",
  "lilac",
  "magenta",
  "maroon",
  "mint",
  "mustard",
  "navy",
  "ocean",
  "olive",
  "orange",
  "peach",
  "pink",
  "purple",
  "red",
  "rose",
  "sand",
  "silver",
  "sky",
  "teal",
  "turquoise",
  "violet",
  "white",
  "wine",
  "yellow",
]
`;
